exports[`RoadmapTimelineElement-3 1`] = `
<div>
  <div
    className="AutoUI_RoadmapTimelineElement-46 AutoUI_RoadmapTimelineElement-14">
    <div
      className="AutoUI_RoadmapTimelineElement-30" />
  </div>
</div>
`;
