exports[`RoadmapTimelineElement-1 1`] = `
<div>
  <div
    className="AutoUI_RoadmapTimelineElement-14">
    <div
      className="" />
  </div>
</div>
`;
